// Jest Snapshot v1, https://goo.gl/fbAQLP

exports[`Post component should render a PostView component and pass its props to it 1`] = `
<div
  className="posts"
  id="XYZ333"
>
  <PostView
    body="I'll bypass the online CSS bus, that should firewall the SAS monitor!"
    borderLeftColor="red"
    contentLocale="fr"
    creationDate="11/11/2011"
    data={
      Object {
        "post": Object {
          "attachments": Array [],
          "bodyEntries": Array [
            Object {
              "localeCode": "en",
              "value": "I'll bypass the online CSS bus, that should firewall the SAS monitor!",
            },
          ],
          "bodyMimeType": "text/html",
          "creator": Object {
            "displayName": "Dannie Treutel",
            "userId": "dannietreutel",
          },
          "dbId": 124,
          "extracts": Array [],
          "id": "XYZ333",
          "modified": true,
          "mySentiment": "like",
          "publicationState": "PUBLISHED",
          "sentimentCounts": 3,
          "subjectEntries": Array [
            Object {
              "localeCode": "en",
              "value": "We need to hack the solid state HTTP alarm!",
            },
          ],
        },
      }
    }
    debateData={
      Object {
        "translationEnabled": true,
      }
    }
    editable={true}
    fullLevel="0"
    handleEditClick={[Function]}
    id="XYZ333"
    ideaId="ABC123"
    identifier="thread"
    indirectIdeaContentLinks={
      Array [
        Object {
          "idea": Object {
            "id": "foo",
            "title": "Foo",
          },
        },
      ]
    }
    isHarvesting={false}
    lang="fr"
    level={1}
    modifiedSubject={
      <span>
        <span
          className="subject-prefix"
        >
          Rep. 1: 
        </span>
        We need to hack the solid state HTTP alarm!
      </span>
    }
    multiColumns={false}
    nuggetsManager={null}
    numChildren={3}
    originalLocale="fr"
    phaseId="DEF345"
    publicationState="PUBLISHED"
    refetchIdea={[MockFunction]}
    routerParams={
      Object {
        "phase": "thread",
        "slug": "/debate/thread/XYZ333",
        "themeId": "VVV999",
      }
    }
    rowIndex={0}
    subject="We need to hack the solid state HTTP alarm!"
    timeline={Array []}
  />
</div>
`;

exports[`Post component should render a deleted post 1`] = `
<DeletedPost
  deletedBy="user"
  subject={
    <span>
      We need to hack the solid state HTTP alarm!
    </span>
  }
/>
`;

exports[`PostView component should render a post in view mode 1`] = `
<div>
  <Nuggets
    completeLevel="0-0"
    extracts={Array []}
    nuggetsManager={null}
    postId="XYZ333"
  />
  <div
    className="box"
    style={
      Object {
        "borderLeftColor": "red",
      }
    }
  >
    <div
      className="post-row"
    >
      <div
        className="post-left"
      >
        <ProfileLine
          creationDate="11/11/2011"
          locale="fr"
          modified={true}
          userId="dannietreutel"
          userName="Dannie Treutel"
          userNameAdditionalClasses=""
        />
        <withRouter(Apollo(DumbPostBody))
          body="<p>You can't index the port without programming the wireless HTTP program!</p>"
          bodyDivRef={[Function]}
          bodyMimeType="text/html"
          contentLocale="fr"
          dbId={124}
          extracts={Array []}
          handleMouseUpWhileHarvesting={[Function]}
          id="XYZ333"
          isHarvesting={false}
          lang="fr"
          originalLocale="fr"
          subject={
            <span>
              open-source Associate
            </span>
          }
          translate={false}
          translationEnabled={true}
        />
        <Attachments
          attachments={Array []}
        />
        <React.Fragment>
          <div
            className="answers annotation"
          >
            <Translate
              count={3}
              value="debate.thread.numberOfResponses"
            />
          </div>
        </React.Fragment>
      </div>
      <div
        className="post-right"
      >
        <Connect(Connect(withApollo(PostActions)))
          creatorUserId="dannietreutel"
          debateData={
            Object {
              "translationEnabled": true,
            }
          }
          handleEditClick={[MockFunction]}
          isPending={false}
          isPendingPostForAdmin={false}
          mySentiment="like"
          numChildren={3}
          phaseId="DEF345"
          postId="XYZ333"
          postSubject="open-source Associate"
          routerParams={
            Object {
              "phase": "thread",
              "slug": "/debate/thread/XYZ333",
              "themeId": "VVV999",
            }
          }
          sentimentCounts={3}
        />
      </div>
    </div>
  </div>
  <div
    className="collapsed-answer-form"
  >
    <Connect(Apollo(Apollo(DumbAnswerFormWithContext)))
      handleAnswerClick={[Function]}
      hideAnswerForm={[Function]}
      ideaId="ABC123"
      parentId="XYZ333"
      phaseId="DEF345"
      refetchIdea={[MockFunction]}
      textareaRef={[Function]}
    />
  </div>
</div>
`;
