// Jest Snapshot v1, https://goo.gl/fbAQLP

exports[`ManageModules component should render a page to manage the landing page header 1`] = `
<div
  className="admin-box"
>
  <SectionTitle
    annotation="* Fields are required."
    title="Header"
  />
  <LoadSaveReinitializeForm
    createMutationsPromises={[Function]}
    load={[Function]}
    loading={
      <Loader
        textHidden={false}
      />
    }
    mutators={
      Object {
        "setFieldTouched": [Function],
      }
    }
    postLoadFormat={[Function]}
    render={[Function]}
    save={[Function]}
    validate={[Function]}
  />
</div>
`;
